# P19.2.2 aurora verb shimmer: brand teal -> AuroraSky -> permission violet
polar-night phase 0.00 #4FE3C1
polar-night phase 0.25 #66DCDC
polar-night phase 0.50 #7CD4F7
polar-night phase 0.75 #92B0F9
polar-night phase 1.00 #A78BFA
daybreak phase 0.00 #087A66
daybreak phase 0.25 #0E7380
daybreak phase 0.50 #146B9A
daybreak phase 0.75 #3E58B7
daybreak phase 1.00 #6845D4
dark-ansi phase 0.00 14
dark-ansi phase 0.25 14
dark-ansi phase 0.50 14
dark-ansi phase 0.75 14
dark-ansi phase 1.00 14
light-ansi phase 0.00 6
light-ansi phase 0.25 6
light-ansi phase 0.50 6
light-ansi phase 0.75 6
light-ansi phase 1.00 6
